[1.214s] Invoking command in '/home/josem/SeaSTAR/src/my_package_name/build/my_package_name': PYTHONPATH=/home/josem/SeaSTAR/src/my_package_name/build/my_package_name/prefix_override:/usr/lib/python3/dist-packages/colcon_core/task/python/colcon_distutils_commands:/home/josem/SeaSTAR/src/my_package_name/install/my_package_name/lib/python3.12/site-packages:${PYTHONPATH} /usr/bin/python3 -W ignore:setup.py install is deprecated -W ignore:easy_install command is deprecated setup.py develop --editable --build-directory /home/josem/SeaSTAR/src/my_package_name/build/my_package_name/build --no-deps symlink_data
[1.487s] running develop
[1.642s] running egg_info
[1.642s] creating my_package_name.egg-info
[1.659s] writing my_package_name.egg-info/PKG-INFO
[1.659s] writing dependency_links to my_package_name.egg-info/dependency_links.txt
[1.659s] writing entry points to my_package_name.egg-info/entry_points.txt
[1.659s] writing requirements to my_package_name.egg-info/requires.txt
[1.659s] writing top-level names to my_package_name.egg-info/top_level.txt
[1.659s] writing manifest file 'my_package_name.egg-info/SOURCES.txt'
[1.692s] reading manifest file 'my_package_name.egg-info/SOURCES.txt'
[1.692s] writing manifest file 'my_package_name.egg-info/SOURCES.txt'
[1.709s] running build_ext
[1.709s] Creating /home/josem/SeaSTAR/src/my_package_name/install/my_package_name/lib/python3.12/site-packages/my-package-name.egg-link (link to .)
[1.710s] Installing camerafake script to /home/josem/SeaSTAR/src/my_package_name/install/my_package_name/lib/my_package_name
[1.710s] Installing controltest script to /home/josem/SeaSTAR/src/my_package_name/install/my_package_name/lib/my_package_name
[1.710s] Installing mission_bridge_node script to /home/josem/SeaSTAR/src/my_package_name/install/my_package_name/lib/my_package_name
[1.711s] Installing mission_fsm_node script to /home/josem/SeaSTAR/src/my_package_name/install/my_package_name/lib/my_package_name
[1.712s] Installing seastar_heartbeat_node script to /home/josem/SeaSTAR/src/my_package_name/install/my_package_name/lib/my_package_name
[1.712s] Installing uart_bridge_node script to /home/josem/SeaSTAR/src/my_package_name/install/my_package_name/lib/my_package_name
[1.713s] 
[1.713s] Installed /home/josem/SeaSTAR/src/my_package_name/build/my_package_name
[1.713s] running symlink_data
[1.713s] creating /home/josem/SeaSTAR/src/my_package_name/install/my_package_name/share/ament_index
[1.714s] creating /home/josem/SeaSTAR/src/my_package_name/install/my_package_name/share/ament_index/resource_index
[1.714s] creating /home/josem/SeaSTAR/src/my_package_name/install/my_package_name/share/ament_index/resource_index/packages
[1.714s] symbolically linking /home/josem/SeaSTAR/src/my_package_name/build/my_package_name/resource/my_package_name -> /home/josem/SeaSTAR/src/my_package_name/install/my_package_name/share/ament_index/resource_index/packages
[1.714s] symbolically linking /home/josem/SeaSTAR/src/my_package_name/build/my_package_name/package.xml -> /home/josem/SeaSTAR/src/my_package_name/install/my_package_name/share/my_package_name
[1.737s] Invoked command in '/home/josem/SeaSTAR/src/my_package_name/build/my_package_name' returned '0': PYTHONPATH=/home/josem/SeaSTAR/src/my_package_name/build/my_package_name/prefix_override:/usr/lib/python3/dist-packages/colcon_core/task/python/colcon_distutils_commands:/home/josem/SeaSTAR/src/my_package_name/install/my_package_name/lib/python3.12/site-packages:${PYTHONPATH} /usr/bin/python3 -W ignore:setup.py install is deprecated -W ignore:easy_install command is deprecated setup.py develop --editable --build-directory /home/josem/SeaSTAR/src/my_package_name/build/my_package_name/build --no-deps symlink_data
