[0.903s] Invoking command in '/home/josem/SeaSTAR/src/my_package_name/build/my_package_name': PYTHONPATH=/home/josem/SeaSTAR/src/my_package_name/build/my_package_name/prefix_override:/usr/lib/python3/dist-packages/colcon_core/task/python/colcon_distutils_commands:/home/josem/SeaSTAR/src/my_package_name/install/my_package_name/lib/python3.12/site-packages:${PYTHONPATH} /usr/bin/python3 -W ignore:setup.py install is deprecated -W ignore:easy_install command is deprecated setup.py develop --editable --build-directory /home/josem/SeaSTAR/src/my_package_name/build/my_package_name/build --no-deps symlink_data
[1.137s] running develop
[1.280s] running egg_info
[1.294s] writing my_package_name.egg-info/PKG-INFO
[1.295s] writing dependency_links to my_package_name.egg-info/dependency_links.txt
[1.296s] writing entry points to my_package_name.egg-info/entry_points.txt
[1.296s] writing requirements to my_package_name.egg-info/requires.txt
[1.296s] writing top-level names to my_package_name.egg-info/top_level.txt
[1.323s] reading manifest file 'my_package_name.egg-info/SOURCES.txt'
[1.324s] writing manifest file 'my_package_name.egg-info/SOURCES.txt'
[1.338s] running build_ext
[1.339s] Creating /home/josem/SeaSTAR/src/my_package_name/install/my_package_name/lib/python3.12/site-packages/my-package-name.egg-link (link to .)
[1.339s] Installing camerafake script to /home/josem/SeaSTAR/src/my_package_name/install/my_package_name/lib/my_package_name
[1.340s] Installing controltest script to /home/josem/SeaSTAR/src/my_package_name/install/my_package_name/lib/my_package_name
[1.341s] Installing gamecontroller script to /home/josem/SeaSTAR/src/my_package_name/install/my_package_name/lib/my_package_name
[1.341s] Installing mission_bridge_node script to /home/josem/SeaSTAR/src/my_package_name/install/my_package_name/lib/my_package_name
[1.341s] Installing mission_fsm_node script to /home/josem/SeaSTAR/src/my_package_name/install/my_package_name/lib/my_package_name
[1.341s] Installing seastar_heartbeat_node script to /home/josem/SeaSTAR/src/my_package_name/install/my_package_name/lib/my_package_name
[1.342s] Installing uart_bridge_node script to /home/josem/SeaSTAR/src/my_package_name/install/my_package_name/lib/my_package_name
[1.342s] 
[1.342s] Installed /home/josem/SeaSTAR/src/my_package_name/build/my_package_name
[1.342s] running symlink_data
[1.367s] Invoked command in '/home/josem/SeaSTAR/src/my_package_name/build/my_package_name' returned '0': PYTHONPATH=/home/josem/SeaSTAR/src/my_package_name/build/my_package_name/prefix_override:/usr/lib/python3/dist-packages/colcon_core/task/python/colcon_distutils_commands:/home/josem/SeaSTAR/src/my_package_name/install/my_package_name/lib/python3.12/site-packages:${PYTHONPATH} /usr/bin/python3 -W ignore:setup.py install is deprecated -W ignore:easy_install command is deprecated setup.py develop --editable --build-directory /home/josem/SeaSTAR/src/my_package_name/build/my_package_name/build --no-deps symlink_data
